command.c:50:20:Wait_msec	16	static,ignoring_inline_asm
command.c:82:14:PC_CommandParser	16	static
command.c:119:6:HAL_UART_RxCpltCallback	16	static
command.c:131:14:SetBootMode	48	static
command.c:155:14:ResetTarget	48	static
command.c:179:13:Stm32BTL_SendRecvCommand	32	static
command.c:187:13:Stm32BTL_RecvCommand	24	static
command.c:194:13:Stm32BTL_Connent	16	static
command.c:199:13:Stm32BTL_CallBack_Connent	16	static
command.c:216:13:Stm32BTL_CMD_GET	16	static
command.c:221:13:Stm32BTL_CMD_CallBack1_GET	16	static
command.c:233:13:Stm32BTL_CMD_CallBack2_GET	16	static
command.c:244:13:Stm32BTL_CMD_CallBack3_GET	16	static
command.c:265:13:Stm32BTL_CMD_FIRM_WRITE	16	static
command.c:280:13:Stm32BTL_CMD_CallBack1_FW_WriteMemory	24	static
command.c:300:13:Stm32BTL_CMD_CallBack2_FW_WriteMemory	32	static
command.c:336:13:Stm32BTL_CMD_CallBack3_FW_WriteMemory	24	static
command.c:356:13:Stm32BTL_CMD_GlobalErase	16	static
command.c:361:13:Stm32BTL_CMD_CallBack1_GlobalErase	24	static
command.c:376:13:Stm32BTL_CMD_CallBack2_GlobalErase	16	static
