stm32g0xx_it.c:75:6:NMI_Handler	8	static
stm32g0xx_it.c:88:6:HardFault_Handler	8	static
stm32g0xx_it.c:103:6:SVC_Handler	8	static
stm32g0xx_it.c:116:6:PendSV_Handler	8	static
stm32g0xx_it.c:129:6:SysTick_Handler	8	static
stm32g0xx_it.c:150:6:DMA1_Channel1_IRQHandler	8	static
stm32g0xx_it.c:164:6:DMA1_Channel2_3_IRQHandler	8	static
stm32g0xx_it.c:179:6:DMA1_Ch4_7_DMAMUX1_OVR_IRQHandler	8	static
stm32g0xx_it.c:193:6:USART2_IRQHandler	8	static
stm32g0xx_it.c:207:6:USART3_4_LPUART1_IRQHandler	8	static
